// Jest Snapshot v1, https://goo.gl/fbAQLP

exports[`render calculator component to the screen matches snapshot 1`] = `
<div
  className="main-wrapper"
  data-testid="calculator"
>
  <h1>
    Lets do some math!
  </h1>
  <div
    className="wrapper"
  >
    <div
      className="screen"
    >
      <h1>
        0
      </h1>
    </div>
    <div
      className="buttonBox"
    >
      <button
        className=""
        data-testid="button"
        onClick={[Function]}
        type="submit"
      >
        AC
      </button>
      <button
        className=""
        data-testid="button"
        onClick={[Function]}
        type="submit"
      >
        +/-
      </button>
      <button
        className=""
        data-testid="button"
        onClick={[Function]}
        type="submit"
      >
        %
      </button>
      <button
        className=""
        data-testid="button"
        onClick={[Function]}
        type="submit"
      >
        รท
      </button>
      <button
        className=""
        data-testid="button"
        onClick={[Function]}
        type="submit"
      >
        7
      </button>
      <button
        className=""
        data-testid="button"
        onClick={[Function]}
        type="submit"
      >
        8
      </button>
      <button
        className=""
        data-testid="button"
        onClick={[Function]}
        type="submit"
      >
        9
      </button>
      <button
        className=""
        data-testid="button"
        onClick={[Function]}
        type="submit"
      >
        x
      </button>
      <button
        className=""
        data-testid="button"
        onClick={[Function]}
        type="submit"
      >
        4
      </button>
      <button
        className=""
        data-testid="button"
        onClick={[Function]}
        type="submit"
      >
        5
      </button>
      <button
        className=""
        data-testid="button"
        onClick={[Function]}
        type="submit"
      >
        6
      </button>
      <button
        className=""
        data-testid="button"
        onClick={[Function]}
        type="submit"
      >
        -
      </button>
      <button
        className=""
        data-testid="button"
        onClick={[Function]}
        type="submit"
      >
        1
      </button>
      <button
        className=""
        data-testid="button"
        onClick={[Function]}
        type="submit"
      >
        2
      </button>
      <button
        className=""
        data-testid="button"
        onClick={[Function]}
        type="submit"
      >
        3
      </button>
      <button
        className=""
        data-testid="button"
        onClick={[Function]}
        type="submit"
      >
        +
      </button>
      <button
        className=""
        data-testid="button"
        onClick={[Function]}
        type="submit"
      >
        0
      </button>
      <button
        className=""
        data-testid="button"
        onClick={[Function]}
        type="submit"
      >
        .
      </button>
      <button
        className="equals"
        data-testid="button"
        onClick={[Function]}
        type="submit"
      >
        =
      </button>
    </div>
  </div>
</div>
`;
