// Jest Snapshot v1, https://goo.gl/fbAQLP

exports[`render the navbar to the screen matches the snapshot 1`] = `
<nav
  data-testid="nav"
>
  <h1>
    Math Magician
  </h1>
  <ul>
    <li>
      <a
        href="/"
        onClick={[Function]}
      >
        Home
      </a>
    </li>
    <li>
      |
    </li>
    <li>
      <a
        href="/calculator"
        onClick={[Function]}
      >
        Calculator
      </a>
    </li>
    <li>
      |
    </li>
    <li>
      <a
        href="/quote"
        onClick={[Function]}
      >
        Qoute
      </a>
    </li>
  </ul>
</nav>
`;
