// Jest Snapshot v1, https://goo.gl/fbAQLP

exports[`render quote to screen matches snapshot 1`] = `
<div
  className="quote-wrapper"
  data-testid="quote-wrapper"
>
  <h3>
    Lorem ipsum dolor sit amet, consectetur adipisicing elit. Ad dolore assumenda eligendi 
  </h3>
</div>
`;
